Using vips to process variants requires the libvips library. Please install libvips using the instructions on the libvips website.
Using vips to process variants requires the libvips library. Please install libvips using the instructions on the libvips website.
Using vips to process variants requires the libvips library. Please install libvips using the instructions on the libvips website.
Using vips to process variants requires the libvips library. Please install libvips using the instructions on the libvips website.
Using vips to process variants requires the libvips library. Please install libvips using the instructions on the libvips website.
Using vips to process variants requires the libvips library. Please install libvips using the instructions on the libvips website.
  [1m[35m (0.3ms)[0m  [1m[35mCREATE TABLE "schema_migrations" ("version" varchar NOT NULL PRIMARY KEY) /*application='ActiveStoragePractice'*/[0m
  [1m[35m (0.1ms)[0m  [1m[35mCREATE TABLE "ar_internal_metadata" ("key" varchar NOT NULL PRIMARY KEY, "value" varchar, "created_at" datetime(6) NOT NULL, "updated_at" datetime(6) NOT NULL) /*application='ActiveStoragePractice'*/[0m
  [1m[36mActiveRecord::InternalMetadata Load (0.1ms)[0m  [1m[34mSELECT * FROM "ar_internal_metadata" WHERE "ar_internal_metadata"."key" = 'environment' ORDER BY "ar_internal_metadata"."key" ASC LIMIT 1 /*application='ActiveStoragePractice'*/[0m
  [1m[36mActiveRecord::InternalMetadata Create (0.0ms)[0m  [1m[32mINSERT INTO "ar_internal_metadata" ("key", "value", "created_at", "updated_at") VALUES ('environment', 'development', '2026-10-01 15:14:30.888006', '2026-10-01 15:14:30.888007') RETURNING "key" /*application='ActiveStoragePractice'*/[0m
  [1m[36mActiveRecord::SchemaMigration Load (0.0ms)[0m  [1m[34mSELECT "schema_migrations"."version" FROM "schema_migrations" ORDER BY "schema_migrations"."version" ASC /*application='ActiveStoragePractice'*/[0m
Migrating to CreatePosts (20261001144553)
  [1m[36mTRANSACTION (0.0ms)[0m  [1m[35mBEGIN immediate TRANSACTION /*application='ActiveStoragePractice'*/[0m
  [1m[35m (0.3ms)[0m  [1m[35mCREATE TABLE "posts" ("id" integer PRIMARY KEY AUTOINCREMENT NOT NULL, "title" varchar, "body" text, "created_at" datetime(6) NOT NULL, "updated_at" datetime(6) NOT NULL) /*application='ActiveStoragePractice'*/[0m
  [1m[36mActiveRecord::SchemaMigration Create (0.0ms)[0m  [1m[32mINSERT INTO "schema_migrations" ("version") VALUES ('20261001144553') RETURNING "version" /*application='ActiveStoragePractice'*/[0m
  [1m[36mTRANSACTION (0.0ms)[0m  [1m[35mCOMMIT TRANSACTION /*application='ActiveStoragePractice'*/[0m
  [1m[36mActiveRecord::SchemaMigration Load (0.0ms)[0m  [1m[34mSELECT "schema_migrations"."version" FROM "schema_migrations" ORDER BY "schema_migrations"."version" ASC /*application='ActiveStoragePractice'*/[0m
Using vips to process variants requires the libvips library. Please install libvips using the instructions on the libvips website.
Using vips to process variants requires the libvips library. Please install libvips using the instructions on the libvips website.
Using vips to process variants requires the libvips library. Please install libvips using the instructions on the libvips website.
Started GET "/" for ::1 at 2026-10-02 00:20:18 +0900
  [1m[36mActiveRecord::SchemaMigration Load (0.1ms)[0m  [1m[34mSELECT "schema_migrations"."version" FROM "schema_migrations" ORDER BY "schema_migrations"."version" ASC /*application='ActiveStoragePractice'*/[0m
Processing by PostsController#new as HTML
  Rendering layout layouts/application.html.erb
  Rendering posts/new.html.erb within layouts/application
  Rendered posts/new.html.erb within layouts/application (Duration: 1.8ms | GC: 0.0ms)
  Rendered layout layouts/application.html.erb (Duration: 1.8ms | GC: 0.0ms)
Completed 500 Internal Server Error in 27ms (ActiveRecord: 0.8ms (0 queries, 0 cached) | GC: 0.0ms)


  
ActionView::SyntaxErrorInTemplate (Encountered a syntax error while rendering template located at: app/views/posts/new.html.erb)
Caused by: ActiveSupport::SyntaxErrorProxy (/Users/daisuke/mini_app/active_storage_practice/app/views/posts/new.html.erb:16: syntax errors found
  [2m14 | [m  '.freeze; @output_buffer.append=( f.submit "投稿", class: "btn btn-primary" );
  [2m15 | [m@output_buffer.safe_append='<!-- END app/views/posts/new.html.erb -->';@output_buffer
[1;31m> [m[2m16 | [m          end
  [2m   | [m             [1;31m^[m unexpected end-of-input, assuming it is closing the parent top level context
[1;31m> [m[2m17 | [m
  [2m   | [m[1;31m^[m expected an `end` to close the `def` statement
)

Information for: ActionView::SyntaxErrorInTemplate (Encountered a syntax error while rendering template located at: app/views/posts/new.html.erb):
1:    <h3>投稿新規作成</h3>
2:    <%= form_with model: @post do |f| %>
3:      <div class="form-group">
4:        <%= f.label :title, "タイトル" %>
5:        <%= f.text_field :title, class: "form-control" %>
6:      </div>
7:    
8:      <div class="form-group">
9:        <%= f.label :body, "本文" %>
10:        <%= f.text_area :body, class: "form-control" %>
11:      </div>
12:    
13:      <%= f.submit "投稿", class: "btn btn-primary" %>
  
app/views/posts/new.html.erb:16: syntax errors found

Information for cause: ActiveSupport::SyntaxErrorProxy (/Users/daisuke/mini_app/active_storage_practice/app/views/posts/new.html.erb:16: syntax errors found
  [2m14 | [m  '.freeze; @output_buffer.append=( f.submit "投稿", class: "btn btn-primary" );
  [2m15 | [m@output_buffer.safe_append='<!-- END app/views/posts/new.html.erb -->';@output_buffer
[1;31m> [m[2m16 | [m          end
  [2m   | [m             [1;31m^[m unexpected end-of-input, assuming it is closing the parent top level context
[1;31m> [m[2m17 | [m
  [2m   | [m[1;31m^[m expected an `end` to close the `def` statement
):
  
app/views/posts/new.html.erb:16: syntax errors found
Started GET "/" for ::1 at 2026-10-02 00:20:19 +0900
Processing by PostsController#new as HTML
  Rendering layout layouts/application.html.erb
  Rendering posts/new.html.erb within layouts/application
  Rendered posts/new.html.erb within layouts/application (Duration: 1.0ms | GC: 0.2ms)
  Rendered layout layouts/application.html.erb (Duration: 1.2ms | GC: 0.2ms)
Completed 500 Internal Server Error in 3ms (ActiveRecord: 0.0ms (0 queries, 0 cached) | GC: 0.2ms)


  
ActionView::SyntaxErrorInTemplate (Encountered a syntax error while rendering template located at: app/views/posts/new.html.erb)
Caused by: ActiveSupport::SyntaxErrorProxy (/Users/daisuke/mini_app/active_storage_practice/app/views/posts/new.html.erb:16: syntax errors found
  [2m14 | [m  '.freeze; @output_buffer.append=( f.submit "投稿", class: "btn btn-primary" );
  [2m15 | [m@output_buffer.safe_append='<!-- END app/views/posts/new.html.erb -->';@output_buffer
[1;31m> [m[2m16 | [m          end
  [2m   | [m             [1;31m^[m unexpected end-of-input, assuming it is closing the parent top level context
[1;31m> [m[2m17 | [m
  [2m   | [m[1;31m^[m expected an `end` to close the `def` statement
)

Information for: ActionView::SyntaxErrorInTemplate (Encountered a syntax error while rendering template located at: app/views/posts/new.html.erb):
1:    <h3>投稿新規作成</h3>
2:    <%= form_with model: @post do |f| %>
3:      <div class="form-group">
4:        <%= f.label :title, "タイトル" %>
5:        <%= f.text_field :title, class: "form-control" %>
6:      </div>
7:    
8:      <div class="form-group">
9:        <%= f.label :body, "本文" %>
10:        <%= f.text_area :body, class: "form-control" %>
11:      </div>
12:    
13:      <%= f.submit "投稿", class: "btn btn-primary" %>
  
app/views/posts/new.html.erb:16: syntax errors found

Information for cause: ActiveSupport::SyntaxErrorProxy (/Users/daisuke/mini_app/active_storage_practice/app/views/posts/new.html.erb:16: syntax errors found
  [2m14 | [m  '.freeze; @output_buffer.append=( f.submit "投稿", class: "btn btn-primary" );
  [2m15 | [m@output_buffer.safe_append='<!-- END app/views/posts/new.html.erb -->';@output_buffer
[1;31m> [m[2m16 | [m          end
  [2m   | [m             [1;31m^[m unexpected end-of-input, assuming it is closing the parent top level context
[1;31m> [m[2m17 | [m
  [2m   | [m[1;31m^[m expected an `end` to close the `def` statement
):
  
app/views/posts/new.html.erb:16: syntax errors found
Started GET "/favicon.ico" for ::1 at 2026-10-02 00:20:19 +0900
  
ActionController::RoutingError (No route matches [GET] "/favicon.ico"):
  
Started GET "/" for ::1 at 2026-10-02 00:21:32 +0900
Processing by PostsController#new as HTML
  Rendering layout layouts/application.html.erb
  Rendering posts/new.html.erb within layouts/application
  Rendered posts/new.html.erb within layouts/application (Duration: 4.4ms | GC: 0.0ms)
  Rendered layout layouts/application.html.erb (Duration: 11.1ms | GC: 0.1ms)
Completed 200 OK in 18ms (Views: 12.9ms | ActiveRecord: 1.3ms (0 queries, 0 cached) | GC: 0.2ms)


